Web Bot Auth check (crawltest.com): 401 format OK, key not registered yet
/home/runner/work/bugradar-radar/bugradar-radar/radar/checks/library.py:908: SyntaxWarning: invalid escape sequence '\s'
  m = ctx.sess.evaluate("""() => ({country: (window.Shopify || {}).country || '',
RADAR BENCH 6 stores × desktop + mobile, 3 at a time (quick)  User-Agent: Chrome + BugRadar

[1/6] vaaree.com                       BLOCKED     D:blocked                      theme=None               checkout=                 fails=0 warns=0 2s
[2/6] theme-colorblock-demo.myshopify. HEALTHY     D:healthy M:healthy            theme=Dawn (store copy:  checkout=Shopify checkout fails=0 warns=6 102s
[3/6] theme-craft-demo.myshopify.com   HEALTHY     D:healthy M:healthy            theme=Dawn (store copy:  checkout=Shopify checkout fails=0 warns=8 106s
[4/6] thewholetruthfoods.com           UNSUPPORTED D:unsupported                  theme=None               checkout=                 fails=0 warns=0 3s
[5/6] cavaathleisure.com               HEALTHY     D:healthy M:healthy            theme=Impulse (store cop checkout=GoKwik           fails=0 warns=8 278s
[6/6] giva.co                          DEGRADED    D:degraded M:degraded          theme=Dawn (store copy:  checkout=GoKwik           fails=2 warns=15 602s

store                          verdict     desktop   mobile    theme            checkout         journey smoke   catalog product cart    search  health 
--------------------------------------------------------------------------------------------------------------------------------------------------------
theme-craft-demo.myshopify.com healthy     healthy   healthy   Dawn (store copy Shopify checkout ok      ok      ok      ok      ok      ok      ok     
theme-colorblock-demo.myshopif healthy     healthy   healthy   Dawn (store copy Shopify checkout ok      ok      ok      ok      ok      ok      ok     
vaaree.com                     blocked     blocked   -         -                -                .       .       .       .       .       .       .      
cavaathleisure.com             healthy     healthy   healthy   Impulse (store c GoKwik           ok      ok      ok      ok      .       ok      ok     
thewholetruthfoods.com         unsupported unsupport -         -                -                .       .       .       .       .       .       .      
giva.co                        degraded    degraded  degraded  Dawn (store copy GoKwik           ok      ok      ok      ok      .       ok      ok     

Totals {'stores': 6, 'healthy': 3, 'blocked': 1, 'unsupported': 1, 'degraded': 1, 'tested': 4}
Bench page  data/bench/20261010T184608Z/bench.html
