Web Bot Auth check (crawltest.com): 401 format OK, key not registered yet
/home/runner/work/bugradar-radar/bugradar-radar/radar/checks/library.py:1036: SyntaxWarning: invalid escape sequence '\s'
  m = ctx.sess.evaluate("""() => ({country: (window.Shopify || {}).country || '',
RADAR BENCH 6 stores × desktop + mobile, 3 at a time (quick)  User-Agent: Chrome + BugRadar

[1/6] theme-sense-demo.myshopify.com   HEALTHY     D:healthy M:healthy            theme=Dawn (store copy:  checkout=Shopify checkout fails=0 warns=10 210s
[2/6] theme-origin-demo.myshopify.com  HEALTHY     D:healthy M:healthy            theme=Origin (store copy checkout=Shopify checkout fails=0 warns=10 214s
[3/6] snitch.com                       UNSUPPORTED D:unsupported                  theme=None               checkout=                 fails=0 warns=0 24s
[4/6] thefunclab.com                   HEALTHY     D:healthy M:healthy            theme=Be Yours           checkout=Shopflo          fails=0 warns=11 577s
[5/6] palmonas.com                     HEALTHY     D:healthy M:healthy            theme=Unsen (store copy: checkout=GoKwik + Shopflo fails=0 warns=22 1242s
[6/6] beminimalist.co                  DEGRADED    D:degraded M:degraded          theme=Combine (store cop checkout=GoKwik + Shopflo fails=2 warns=17 1575s

store                          verdict     desktop   mobile    theme            checkout         journey smoke   catalog product cart    search  health  info   
----------------------------------------------------------------------------------------------------------------------------------------------------------------
theme-sense-demo.myshopify.com healthy     healthy   healthy   Dawn (store copy Shopify checkout ok      ok      ok      ok      ok      ok      ok      .      
theme-origin-demo.myshopify.co healthy     healthy   healthy   Origin (store co Shopify checkout ok      ok      ok      ok      ok      ok      ok      ok     
palmonas.com                   healthy     healthy   healthy   Unsen (store cop GoKwik + Shopflo ok      ok      ok      ok      .       ok      ok      ok     
thefunclab.com                 healthy     healthy   healthy   Be Yours         Shopflo          ok      ok      ok      ok      .       ok      ok      ok     
snitch.com                     unsupported unsupport -         -                -                .       .       .       .       .       .       .       .      
beminimalist.co                degraded    degraded  degraded  Combine (store c GoKwik + Shopflo ok      FAIL    ok      ok      .       ok      ok      ok     

Totals {'stores': 6, 'healthy': 4, 'unsupported': 1, 'degraded': 1, 'tested': 5}
Bench page  data/bench/20261010T210333Z/bench.html
