RADAR BENCH 36 stores × desktop + mobile, 3 at a time (quick)  User-Agent: Chrome + BugRadar

[1/36] theme-sense-demo.myshopify.com   HEALTHY     D:healthy M:healthy            theme=Dawn (store copy:  checkout=Shopify checkout fails=0 warns=6 174s
[2/36] theme-craft-demo.myshopify.com   HEALTHY     D:healthy M:healthy            theme=Dawn (store copy:  checkout=Shopify checkout fails=0 warns=8 181s
[3/36] theme-dawn-demo.myshopify.com    HEALTHY     D:healthy M:healthy            theme=Dawn               checkout=Shopify checkout fails=0 warns=2 194s
[4/36] theme-studio-demo.myshopify.com  HEALTHY     D:healthy M:healthy            theme=Dawn (store copy:  checkout=Shopify checkout fails=0 warns=6 162s
[5/36] theme-refresh-demo.myshopify.com HEALTHY     D:healthy M:healthy            theme=Dawn (store copy:  checkout=Shopify checkout fails=0 warns=8 170s
[6/36] theme-taste-demo.myshopify.com   HEALTHY     D:healthy M:healthy            theme=Dawn (store copy:  checkout=Shopify checkout fails=0 warns=6 159s
[7/36] theme-origin-demo.myshopify.com  HEALTHY     D:healthy M:healthy            theme=Origin (store copy checkout=Shopify checkout fails=0 warns=6 174s
[8/36] theme-colorblock-demo.myshopify. HEALTHY     D:healthy M:healthy            theme=Dawn (store copy:  checkout=Shopify checkout fails=0 warns=6 183s
[9/36] theme-crave-demo.myshopify.com   HEALTHY     D:healthy M:healthy            theme=Dawn (store copy:  checkout=Shopify checkout fails=0 warns=2 195s
[10/36] theme-ride-demo.myshopify.com    HEALTHY     D:healthy M:healthy            theme=Ride (store copy:  checkout=Shopify checkout fails=0 warns=6 162s
[11/36] theme-spotlight-demo.myshopify.c HEALTHY     D:healthy M:healthy            theme=Spotlight (store c checkout=Shopify checkout fails=0 warns=6 144s
[12/36] theme-publisher-demo.myshopify.c HEALTHY     D:healthy M:healthy            theme=Dawn (store copy:  checkout=Shopify checkout fails=0 warns=6 147s
[13/36] vaaree.com                       BLOCKED     D:blocked                      theme=None               checkout=                 fails=0 warns=0 4s
[14/36] supplysix.com                    HEALTHY     D:healthy M:healthy            theme=Focal (store copy: checkout=GoKwik           fails=0 warns=5 533s
[15/36] moxiebeauty.in                   HEALTHY     D:healthy M:healthy            theme=Dawn (store copy:  checkout=GoKwik + Shiproc fails=0 warns=7 709s
[16/36] antinorm.co                      HEALTHY     D:healthy M:healthy            theme=Impact (store copy checkout=Shopflo          fails=0 warns=10 736s
[17/36] palmonas.com                     HEALTHY     D:healthy M:healthy            theme=Unsen (store copy: checkout=GoKwik + Shopflo fails=0 warns=15 1813s
[18/36] boldcare.in                      HEALTHY     D:healthy M:healthy            theme=Concept (store cop checkout=GoKwik + Shopflo fails=0 warns=13 774s
[19/36] thefunclab.com                   HEALTHY     D:healthy M:healthy            theme=Be Yours           checkout=Shopflo          fails=0 warns=10 608s
[20/36] peepbeauty.in                    HEALTHY     D:healthy M:healthy            theme=Horizon (store cop checkout=GoKwik           fails=0 warns=4 517s
[21/36] cavaathleisure.com               HEALTHY     D:healthy M:healthy            theme=Impulse (store cop checkout=GoKwik           fails=0 warns=11 1309s
[22/36] soulflower.in                    DOWN        D:degraded M:down              theme=Dawn (store copy:  checkout=GoKwik + Shopflo fails=3 warns=9 2839s
[23/36] plumgoodness.com                 DEGRADED    D:degraded M:degraded          theme=Focal (store copy: checkout=GoKwik           fails=2 warns=8 849s
[24/36] snitch.com                       UNSUPPORTED D:unsupported                  theme=None               checkout=                 fails=0 warns=0 16s
[25/36] boat-lifestyle.com               HEALTHY     D:healthy M:healthy            theme=Focal (store copy: checkout=GoKwik           fails=0 warns=10 686s
[26/36] thewholetruthfoods.com           UNSUPPORTED D:unsupported                  theme=None               checkout=                 fails=0 warns=0 10s
[27/36] wellbeingnutrition.com           DEGRADED    D:degraded M:degraded          theme=Impulse (store cop checkout=GoKwik           fails=2 warns=1 1339s
[28/36] bombayshavingcompany.com         HEALTHY     D:healthy M:healthy            theme=Dawn (store copy:  checkout=GoKwik           fails=0 warns=6 561s
[29/36] dotandkey.com                    HEALTHY     D:healthy M:healthy            theme=themex (store copy checkout=Shopflo          fails=0 warns=9 609s
[30/36] foxtale.in                       DEGRADED    D:degraded M:degraded          theme=None               checkout=GoKwik           fails=4 warns=8 548s
[31/36] mcaffeine.com                    HEALTHY     D:healthy M:healthy            theme=Dawn (store copy:  checkout=GoKwik           fails=0 warns=18 1300s
[32/36] beminimalist.co                  HEALTHY     D:healthy M:healthy            theme=Combine (store cop checkout=GoKwik + Shopflo fails=0 warns=10 649s
[33/36] thehouseofrare.com               HEALTHY     D:healthy M:healthy            theme=Prestige (store co checkout=GoKwik + Shiproc fails=0 warns=12 1070s
[34/36] suta.in                          HEALTHY     D:healthy M:healthy            theme=Prestige (store co checkout=GoKwik           fails=0 warns=12 1222s
[35/36] giva.co                          DEGRADED    D:degraded M:healthy           theme=Dawn (store copy:  checkout=GoKwik           fails=1 warns=10 1575s
[36/36] bummer.in                        HEALTHY     D:healthy M:healthy            theme=Bummer 3.0 Native  checkout=GoKwik + Shiproc fails=0 warns=3 698s

store                          verdict     desktop   mobile    theme            checkout         journey smoke   catalog product cart    search  health 
--------------------------------------------------------------------------------------------------------------------------------------------------------
theme-dawn-demo.myshopify.com  healthy     healthy   healthy   Dawn             Shopify checkout ok      ok      ok      ok      ok      ok      ok     
theme-sense-demo.myshopify.com healthy     healthy   healthy   Dawn (store copy Shopify checkout ok      ok      ok      ok      ok      ok      ok     
theme-craft-demo.myshopify.com healthy     healthy   healthy   Dawn (store copy Shopify checkout ok      ok      ok      ok      ok      ok      ok     
theme-refresh-demo.myshopify.c healthy     healthy   healthy   Dawn (store copy Shopify checkout ok      ok      ok      ok      ok      ok      ok     
theme-studio-demo.myshopify.co healthy     healthy   healthy   Dawn (store copy Shopify checkout ok      ok      ok      ok      ok      ok      ok     
theme-taste-demo.myshopify.com healthy     healthy   healthy   Dawn (store copy Shopify checkout ok      ok      ok      ok      ok      ok      ok     
theme-crave-demo.myshopify.com healthy     healthy   healthy   Dawn (store copy Shopify checkout ok      ok      ok      ok      ok      ok      ok     
theme-origin-demo.myshopify.co healthy     healthy   healthy   Origin (store co Shopify checkout ok      ok      ok      ok      ok      ok      ok     
theme-colorblock-demo.myshopif healthy     healthy   healthy   Dawn (store copy Shopify checkout ok      ok      ok      ok      ok      ok      ok     
theme-ride-demo.myshopify.com  healthy     healthy   healthy   Ride (store copy Shopify checkout ok      ok      ok      ok      ok      ok      ok     
theme-spotlight-demo.myshopify healthy     healthy   healthy   Spotlight (store Shopify checkout ok      ok      ok      ok      ok      ok      ok     
theme-publisher-demo.myshopify healthy     healthy   healthy   Dawn (store copy Shopify checkout ok      ok      ok      ok      ok      ok      ok     
moxiebeauty.in                 healthy     healthy   healthy   Dawn (store copy GoKwik + Shiproc ok      ok      ok      ok      .       ok      ok     
palmonas.com                   healthy     healthy   healthy   Unsen (store cop GoKwik + Shopflo ok      ok      ok      ok      .       ok      ok     
vaaree.com                     blocked     blocked   -         -                -                .       .       .       .       .       .       .      
supplysix.com                  healthy     healthy   healthy   Focal (store cop GoKwik           ok      ok      ok      ok      .       ok      ok     
antinorm.co                    healthy     healthy   healthy   Impact (store co Shopflo          ok      ok      ok      ok      .       ok      ok     
soulflower.in                  down        degraded  down      Dawn (store copy GoKwik + Shopflo FAIL    ok      ok      ok      .       ok      FAIL   
boldcare.in                    healthy     healthy   healthy   Concept (store c GoKwik + Shopflo ok      ok      ok      ok      .       ok      ok     
thefunclab.com                 healthy     healthy   healthy   Be Yours         Shopflo          ok      ok      ok      ok      .       ok      ok     
cavaathleisure.com             healthy     healthy   healthy   Impulse (store c GoKwik           ok      ok      ok      ok      .       ok      ok     
peepbeauty.in                  healthy     healthy   healthy   Horizon (store c GoKwik           ok      ok      ok      ok      .       ok      ok     
wellbeingnutrition.com         degraded    degraded  degraded  Impulse (store c GoKwik           ok      ok      ok      FAIL    .       ok      ok     
plumgoodness.com               degraded    degraded  degraded  Focal (store cop GoKwik           ok      ok      ok      FAIL    .       ok      ok     
boat-lifestyle.com             healthy     healthy   healthy   Focal (store cop GoKwik           ok      ok      ok      ok      .       ok      ok     
snitch.com                     unsupported unsupport -         -                -                .       .       .       .       .       .       .      
thewholetruthfoods.com         unsupported unsupport -         -                -                .       .       .       .       .       .       .      
bombayshavingcompany.com       healthy     healthy   healthy   Dawn (store copy GoKwik           ok      ok      ok      ok      .       ok      ok     
mcaffeine.com                  healthy     healthy   healthy   Dawn (store copy GoKwik           ok      ok      ok      ok      .       ok      ok     
dotandkey.com                  healthy     healthy   healthy   themex (store co Shopflo          ok      ok      ok      ok      .       ok      ok     
foxtale.in                     degraded    degraded  degraded  -                GoKwik           ok      ok      ok      FAIL    .       ok      FAIL   
beminimalist.co                healthy     healthy   healthy   Combine (store c GoKwik + Shopflo ok      ok      ok      ok      .       ok      ok     
giva.co                        degraded    degraded  healthy   Dawn (store copy GoKwik           ok      ok      ok      ok      .       FAIL    ok     
suta.in                        healthy     healthy   healthy   Prestige (store  GoKwik           ok      ok      ok      ok      .       ok      ok     
thehouseofrare.com             healthy     healthy   healthy   Prestige (store  GoKwik + Shiproc ok      ok      ok      ok      .       ok      ok     
bummer.in                      healthy     healthy   healthy   Bummer 3.0 Nativ GoKwik + Shiproc ok      ok      ok      ok      .       ok      ok     

Totals {'stores': 36, 'healthy': 28, 'blocked': 1, 'down': 1, 'degraded': 4, 'unsupported': 2, 'tested': 33}
Bench page  /home/runner/work/bugradar-radar/bugradar-radar/data/bench/20261007T133852Z/bench.html
