Web Bot Auth check (crawltest.com): 401 format OK, key not registered yet
/home/runner/work/bugradar-radar/bugradar-radar/radar/checks/library.py:908: SyntaxWarning: invalid escape sequence '\s'
  m = ctx.sess.evaluate("""() => ({country: (window.Shopify || {}).country || '',
RADAR BENCH 6 stores × desktop + mobile, 3 at a time (quick)  User-Agent: Chrome + BugRadar

[1/6] theme-spotlight-demo.myshopify.c HEALTHY     D:healthy M:healthy            theme=Spotlight (store c checkout=Shopify checkout fails=0 warns=6 121s
[2/6] theme-studio-demo.myshopify.com  HEALTHY     D:healthy M:healthy            theme=Dawn (store copy:  checkout=Shopify checkout fails=0 warns=6 138s
[3/6] antinorm.co                      HEALTHY     D:healthy M:healthy            theme=Impact (store copy checkout=Shopflo          fails=0 warns=10 479s
[4/6] wellbeingnutrition.com           HEALTHY     D:healthy M:healthy            theme=Impulse (store cop checkout=GoKwik           fails=0 warns=3 544s
[5/6] mcaffeine.com                    HEALTHY     D:healthy M:healthy            theme=Dawn (store copy:  checkout=GoKwik           fails=0 warns=17 589s
[6/6] thehouseofrare.com               HEALTHY     D:healthy M:healthy            theme=Prestige (store co checkout=GoKwik + Shiproc fails=0 warns=11 598s

store                          verdict     desktop   mobile    theme            checkout         journey smoke   catalog product cart    search  health 
--------------------------------------------------------------------------------------------------------------------------------------------------------
theme-studio-demo.myshopify.co healthy     healthy   healthy   Dawn (store copy Shopify checkout ok      ok      ok      ok      ok      ok      ok     
theme-spotlight-demo.myshopify healthy     healthy   healthy   Spotlight (store Shopify checkout ok      ok      ok      ok      ok      ok      ok     
antinorm.co                    healthy     healthy   healthy   Impact (store co Shopflo          ok      ok      ok      ok      .       ok      ok     
wellbeingnutrition.com         healthy     healthy   healthy   Impulse (store c GoKwik           ok      ok      ok      ok      .       ok      ok     
mcaffeine.com                  healthy     healthy   healthy   Dawn (store copy GoKwik           ok      ok      ok      ok      .       ok      ok     
thehouseofrare.com             healthy     healthy   healthy   Prestige (store  GoKwik + Shiproc ok      ok      ok      ok      .       ok      ok     

Totals {'stores': 6, 'healthy': 6, 'tested': 6}
Bench page  data/bench/20261010T184611Z/bench.html
