Web Bot Auth check (crawltest.com): 401 format OK, key not registered yet
/home/runner/work/bugradar-radar/bugradar-radar/radar/checks/library.py:1052: SyntaxWarning: invalid escape sequence '\s'
  m = ctx.sess.evaluate("""() => ({country: (window.Shopify || {}).country || '',
RADAR BENCH 6 stores × desktop + mobile, 3 at a time (quick)  User-Agent: Chrome + BugRadar

[1/6] theme-ride-demo.myshopify.com    HEALTHY     D:healthy M:healthy            theme=Ride (store copy:  checkout=Shopify checkout fails=0 warns=8 233s
[2/6] theme-refresh-demo.myshopify.com HEALTHY     D:healthy M:healthy            theme=Dawn (store copy:  checkout=Shopify checkout fails=0 warns=10 264s
[3/6] supplysix.com                    HEALTHY     D:healthy M:healthy            theme=Focal (store copy: checkout=GoKwik           fails=0 warns=6 437s
[4/6] peepbeauty.in                    HEALTHY     D:healthy M:healthy            theme=Horizon (store cop checkout=GoKwik           fails=0 warns=5 549s
[5/6] bombayshavingcompany.com         HEALTHY     D:healthy M:healthy            theme=Dawn (store copy:  checkout=GoKwik           fails=0 warns=9 586s
[6/6] suta.in                          HEALTHY     D:healthy M:healthy            theme=Prestige (store co checkout=GoKwik           fails=0 warns=16 892s

store                          verdict     desktop   mobile    theme            checkout         journey smoke   catalog product cart    search  health  info   
----------------------------------------------------------------------------------------------------------------------------------------------------------------
theme-refresh-demo.myshopify.c healthy     healthy   healthy   Dawn (store copy Shopify checkout ok      ok      ok      ok      ok      ok      ok      ok     
theme-ride-demo.myshopify.com  healthy     healthy   healthy   Ride (store copy Shopify checkout ok      ok      ok      ok      ok      ok      ok      ok     
supplysix.com                  healthy     healthy   healthy   Focal (store cop GoKwik           ok      ok      ok      ok      .       ok      ok      ok     
peepbeauty.in                  healthy     healthy   healthy   Horizon (store c GoKwik           ok      ok      ok      ok      .       ok      ok      ok     
bombayshavingcompany.com       healthy     healthy   healthy   Dawn (store copy GoKwik           ok      ok      ok      ok      .       ok      ok      ok     
suta.in                        healthy     healthy   healthy   Prestige (store  GoKwik           ok      ok      ok      ok      .       ok      ok      ok     

Totals {'stores': 6, 'healthy': 6, 'tested': 6}
Bench page  data/bench/20261010T223028Z/bench.html
