Web Bot Auth check (crawltest.com): 401 format OK, key not registered yet
/home/runner/work/bugradar-radar/bugradar-radar/radar/checks/library.py:908: SyntaxWarning: invalid escape sequence '\s'
  m = ctx.sess.evaluate("""() => ({country: (window.Shopify || {}).country || '',
RADAR BENCH 6 stores × desktop + mobile, 3 at a time (quick)  User-Agent: Chrome + BugRadar

[1/6] theme-publisher-demo.myshopify.c HEALTHY     D:healthy M:healthy            theme=Dawn (store copy:  checkout=Shopify checkout fails=0 warns=6 109s
[2/6] theme-taste-demo.myshopify.com   HEALTHY     D:healthy M:healthy            theme=Dawn (store copy:  checkout=Shopify checkout fails=0 warns=6 111s
[3/6] dotandkey.com                    HEALTHY     D:healthy M:healthy            theme=themex (store copy checkout=Shopflo          fails=0 warns=10 517s
[4/6] soulflower.in                    HEALTHY     D:healthy M:healthy            theme=Dawn (store copy:  checkout=GoKwik + Shopflo fails=2 warns=9 726s
[5/6] plumgoodness.com                 DEGRADED    D:degraded M:degraded          theme=Focal (store copy: checkout=GoKwik           fails=2 warns=9 671s
[6/6] bummer.in                        HEALTHY     D:healthy M:healthy            theme=Bummer 3.0 Native  checkout=GoKwik + Shiproc fails=0 warns=2 528s

store                          verdict     desktop   mobile    theme            checkout         journey smoke   catalog product cart    search  health 
--------------------------------------------------------------------------------------------------------------------------------------------------------
theme-taste-demo.myshopify.com healthy     healthy   healthy   Dawn (store copy Shopify checkout ok      ok      ok      ok      ok      ok      ok     
theme-publisher-demo.myshopify healthy     healthy   healthy   Dawn (store copy Shopify checkout ok      ok      ok      ok      ok      ok      ok     
soulflower.in                  healthy     healthy   healthy   Dawn (store copy GoKwik + Shopflo ok      ok      ok      ok      .       ok      FAIL   
plumgoodness.com               degraded    degraded  degraded  Focal (store cop GoKwik           ok      ok      ok      FAIL    .       ok      ok     
dotandkey.com                  healthy     healthy   healthy   themex (store co Shopflo          ok      ok      ok      ok      .       ok      ok     
bummer.in                      healthy     healthy   healthy   Bummer 3.0 Nativ GoKwik + Shiproc ok      ok      ok      ok      .       ok      ok     

Totals {'stores': 6, 'healthy': 5, 'degraded': 1, 'tested': 6}
Bench page  data/bench/20261010T184609Z/bench.html
