Web Bot Auth check (crawltest.com): 401 format OK, key not registered yet
/home/runner/work/bugradar-radar/bugradar-radar/radar/checks/library.py:1036: SyntaxWarning: invalid escape sequence '\s'
  m = ctx.sess.evaluate("""() => ({country: (window.Shopify || {}).country || '',
RADAR BENCH 6 stores × desktop + mobile, 3 at a time (quick)  User-Agent: Chrome + BugRadar

[1/6] theme-spotlight-demo.myshopify.c HEALTHY     D:healthy M:healthy            theme=Spotlight (store c checkout=Shopify checkout fails=0 warns=10 185s
[2/6] theme-studio-demo.myshopify.com  HEALTHY     D:healthy M:healthy            theme=Dawn (store copy:  checkout=Shopify checkout fails=0 warns=12 236s
[3/6] antinorm.co                      HEALTHY     D:healthy M:healthy            theme=Impact (store copy checkout=Shopflo          fails=0 warns=12 665s
[4/6] wellbeingnutrition.com           HEALTHY     D:healthy M:healthy            theme=Impulse (store cop checkout=GoKwik           fails=0 warns=3 773s
[5/6] mcaffeine.com                    HEALTHY     D:healthy M:healthy            theme=Dawn (store copy:  checkout=GoKwik           fails=0 warns=26 958s
[6/6] thehouseofrare.com               DEGRADED    D:healthy M:degraded           theme=Prestige (store co checkout=GoKwik + Shiproc fails=0 warns=14 909s

store                          verdict     desktop   mobile    theme            checkout         journey smoke   catalog product cart    search  health  info   
----------------------------------------------------------------------------------------------------------------------------------------------------------------
theme-studio-demo.myshopify.co healthy     healthy   healthy   Dawn (store copy Shopify checkout ok      ok      ok      ok      ok      ok      ok      ok     
theme-spotlight-demo.myshopify healthy     healthy   healthy   Spotlight (store Shopify checkout ok      ok      ok      ok      ok      ok      ok      .      
antinorm.co                    healthy     healthy   healthy   Impact (store co Shopflo          ok      ok      ok      ok      .       ok      ok      ok     
wellbeingnutrition.com         healthy     healthy   healthy   Impulse (store c GoKwik           ok      ok      ok      ok      .       ok      ok      ok     
mcaffeine.com                  healthy     healthy   healthy   Dawn (store copy GoKwik           ok      ok      ok      ok      .       ok      ok      ok     
thehouseofrare.com             degraded    healthy   degraded  Prestige (store  GoKwik + Shiproc ok      ok      FLAKY   ok      .       ok      ok      ok     

Totals {'stores': 6, 'healthy': 5, 'degraded': 1, 'tested': 6}
Bench page  data/bench/20261010T210340Z/bench.html
