Web Bot Auth check (crawltest.com): 401 format OK, key not registered yet
/home/runner/work/bugradar-radar/bugradar-radar/radar/checks/library.py:905: SyntaxWarning: invalid escape sequence '\s'
  m = ctx.sess.evaluate("""() => ({country: (window.Shopify || {}).country || '',
RADAR BENCH 6 stores × desktop + mobile, 3 at a time (quick)  User-Agent: Chrome + BugRadar

[1/6] theme-crave-demo.myshopify.com   HEALTHY     D:healthy M:healthy            theme=Dawn (store copy:  checkout=Shopify checkout fails=0 warns=2 141s
[2/6] theme-dawn-demo.myshopify.com    HEALTHY     D:healthy M:healthy            theme=Dawn               checkout=Shopify checkout fails=0 warns=2 150s
[3/6] moxiebeauty.in                   HEALTHY     D:healthy M:healthy            theme=Dawn (store copy:  checkout=GoKwik + Shiproc fails=0 warns=6 337s
[4/6] boldcare.in                      HEALTHY     D:healthy M:healthy            theme=Concept (store cop checkout=GoKwik + Shopflo fails=0 warns=10 320s
[5/6] boat-lifestyle.com               HEALTHY     D:healthy M:healthy            theme=Focal (store copy: checkout=GoKwik           fails=0 warns=10 360s
[6/6] foxtale.in                       DEGRADED    D:degraded M:degraded          theme=None               checkout=GoKwik           fails=4 warns=7 277s

store                          verdict     desktop   mobile    theme            checkout         journey smoke   catalog product cart    search  health 
--------------------------------------------------------------------------------------------------------------------------------------------------------
theme-dawn-demo.myshopify.com  healthy     healthy   healthy   Dawn             Shopify checkout ok      ok      ok      ok      ok      ok      ok     
theme-crave-demo.myshopify.com healthy     healthy   healthy   Dawn (store copy Shopify checkout ok      ok      ok      ok      ok      ok      ok     
moxiebeauty.in                 healthy     healthy   healthy   Dawn (store copy GoKwik + Shiproc ok      ok      ok      ok      .       ok      ok     
boldcare.in                    healthy     healthy   healthy   Concept (store c GoKwik + Shopflo ok      ok      ok      ok      .       ok      ok     
boat-lifestyle.com             healthy     healthy   healthy   Focal (store cop GoKwik           ok      ok      ok      ok      .       ok      ok     
foxtale.in                     degraded    degraded  degraded  -                GoKwik           ok      ok      ok      FAIL    .       ok      FAIL   

Totals {'stores': 6, 'healthy': 5, 'degraded': 1, 'tested': 6}
Bench page  data/bench/20261010T181638Z/bench.html
